D:\University\finalTermProject\ALARM.v= ALARM
D:\University\finalTermProject\ALARM_tb.v= ALARM_tb
D:\University\finalTermProject\AlarmControl.v= AlarmControl
D:\University\finalTermProject\AlarmControlnstance.v= AlarmControlnstance
D:\University\finalTermProject\AlarmControlnstance_tb.v= AlarmControlnstance_tb
D:\University\finalTermProject\AlarmControlSch.v= AlarmControlSch
D:\University\finalTermProject\AlarmControlSch_tb.v= AlarmControlSch_tb
D:\University\finalTermProject\CompareTime.v= CompareTime
D:\University\finalTermProject\CompareTime_tb.v= CompareTime_tb
D:\University\finalTermProject\comSelector.v= comSelector
D:\University\finalTermProject\conticonti.v= conticonti
D:\University\finalTermProject\count8.v= count8
D:\University\finalTermProject\counter6.v= counter6
D:\University\finalTermProject\counter6_tb.v= counter6_tb
D:\University\finalTermProject\counter10.v= counter10
D:\University\finalTermProject\counter10_tb.v= counter10_tb
D:\University\finalTermProject\counter12.v= counter12
D:\University\finalTermProject\counter12Decoder.v= counter12Decoder
D:\University\finalTermProject\Counter24.v= Counter24
D:\University\finalTermProject\Counter24_tb.v= Counter24_tb
D:\University\finalTermProject\counter60.v=
D:\University\finalTermProject\counter60_tb.v= counter60_tb
D:\University\finalTermProject\counter60to7seg.v= counter60to7seg
D:\University\finalTermProject\counter60to7seg_tb.v= counter60to7seg_tb
D:\University\finalTermProject\counter60withCarry.v= counter60
D:\University\finalTermProject\Counter100.v= Counter100
D:\University\finalTermProject\Counter100_tb.v= Counter100_tb
D:\University\finalTermProject\DigitalClock.v= DigitalClock
D:\University\finalTermProject\DigitalClock_tb.v= DigitalClock_tb
D:\University\finalTermProject\LtoP.v= LtoP
D:\University\finalTermProject\ModelSet.v= ModelSet
D:\University\finalTermProject\ModeSet.v= ModeSet
D:\University\finalTermProject\ModeSet_tb.v= ModeSet_tb
D:\University\finalTermProject\MuxB4.v= MuxB4
D:\University\finalTermProject\MuxB4_tb.v= MuxB4_tb
D:\University\finalTermProject\newcount1000.v= newcount1000
D:\University\finalTermProject\newcount1000_tb.v= newcount1000_tb
D:\University\finalTermProject\seg7toMux.v= seg7toMux
D:\University\finalTermProject\STOPWATCH.v= STOPWATCH
D:\University\finalTermProject\STOPWATCH_tb.v= STOPWATCH_tb
D:\University\finalTermProject\StwControl.v=
D:\University\finalTermProject\StwControl_tb.v= StwControl_tb
D:\University\finalTermProject\StwControlsStadian.v= StwControl
D:\University\finalTermProject\TIME.v= TIME
D:\University\finalTermProject\TIME_tb.v= TIME_tb
D:\University\finalTermProject\TimeControl.v= TimeControl
D:\University\finalTermProject\TimeControl_tb.v= TimeControl_tb
D:\University\finalTermProject\to12to24.v= to12to24
D:\University\finalTermProject\week08_7segment.v= week08_7segment
D:\Flowrian R7\Library\PNULib\sources\PNU_AND2.v= PNU_AND2
D:\Flowrian R7\Library\PNULib\sources\PNU_AND3.v= PNU_AND3
D:\Flowrian R7\Library\PNULib\sources\PNU_AND4.v= PNU_AND4
D:\Flowrian R7\Library\PNULib\sources\PNU_AND8.v= PNU_AND8
D:\Flowrian R7\Library\PNULib\sources\PNU_BUF.v= PNU_BUF
D:\Flowrian R7\Library\PNULib\sources\PNU_DFF.v= PNU_DFF
D:\Flowrian R7\Library\PNULib\sources\PNU_DFF_Ce.v= PNU_DFF_Ce
D:\Flowrian R7\Library\PNULib\sources\PNU_JKFF.v= PNU_JKFF
D:\Flowrian R7\Library\PNULib\sources\PNU_MUX2.v= PNU_MUX2
D:\Flowrian R7\Library\PNULib\sources\PNU_MUX4.v= PNU_MUX4
D:\Flowrian R7\Library\PNULib\sources\PNU_MUX8.v= PNU_MUX8
D:\Flowrian R7\Library\PNULib\sources\PNU_NAND2.v= PNU_NAND2
D:\Flowrian R7\Library\PNULib\sources\PNU_NAND3.v= PNU_NAND3
D:\Flowrian R7\Library\PNULib\sources\PNU_NAND4.v= PNU_NAND4
D:\Flowrian R7\Library\PNULib\sources\PNU_NAND8.v= PNU_NAND8
D:\Flowrian R7\Library\PNULib\sources\PNU_NOR2.v= PNU_NOR2
D:\Flowrian R7\Library\PNULib\sources\PNU_NOR3.v= PNU_NOR3
D:\Flowrian R7\Library\PNULib\sources\PNU_NOR4.v= PNU_NOR4
D:\Flowrian R7\Library\PNULib\sources\PNU_NOR8.v= PNU_NOR8
D:\Flowrian R7\Library\PNULib\sources\PNU_NOT.v= PNU_NOT
D:\Flowrian R7\Library\PNULib\sources\PNU_ONE.v= PNU_ONE
D:\Flowrian R7\Library\PNULib\sources\PNU_OR2.v= PNU_OR2
D:\Flowrian R7\Library\PNULib\sources\PNU_OR3.v= PNU_OR3
D:\Flowrian R7\Library\PNULib\sources\PNU_OR4.v= PNU_OR4
D:\Flowrian R7\Library\PNULib\sources\PNU_OR8.v= PNU_OR8
D:\Flowrian R7\Library\PNULib\sources\PNU_SRAM.v= PNU_SRAM
D:\Flowrian R7\Library\PNULib\sources\PNU_TBUF.v= PNU_TBUF
D:\Flowrian R7\Library\PNULib\sources\PNU_XNOR2.v= PNU_XNOR2
D:\Flowrian R7\Library\PNULib\sources\PNU_XNOR3.v= PNU_XNOR3
D:\Flowrian R7\Library\PNULib\sources\PNU_XNOR4.v= PNU_XNOR4
D:\Flowrian R7\Library\PNULib\sources\PNU_XOR2.v= PNU_XOR2
D:\Flowrian R7\Library\PNULib\sources\PNU_XOR3.v= PNU_XOR3
D:\Flowrian R7\Library\PNULib\sources\PNU_XOR4.v= PNU_XOR4
D:\Flowrian R7\Library\PNULib\sources\PNU_ZERO.v= PNU_ZERO
