D:\University\finalTermProject\ALARM.v
D:\University\finalTermProject\ALARM_tb.v
D:\University\finalTermProject\AlarmControl.v
D:\University\finalTermProject\AlarmControlnstance.v
D:\University\finalTermProject\AlarmControlnstance_tb.v
D:\University\finalTermProject\AlarmControlSch.v
D:\University\finalTermProject\AlarmControlSch_tb.v
D:\University\finalTermProject\CompareTime.v
D:\University\finalTermProject\CompareTime_tb.v
D:\University\finalTermProject\comSelector.v
D:\University\finalTermProject\conticonti.v
D:\University\finalTermProject\count8.v
D:\University\finalTermProject\counter6.v
D:\University\finalTermProject\counter6_tb.v
D:\University\finalTermProject\counter10.v
D:\University\finalTermProject\counter10_tb.v
D:\University\finalTermProject\counter12.v
D:\University\finalTermProject\counter12Decoder.v
D:\University\finalTermProject\Counter24.v
D:\University\finalTermProject\Counter24_tb.v
D:\University\finalTermProject\counter60.v
D:\University\finalTermProject\counter60_tb.v
D:\University\finalTermProject\counter60to7seg.v
D:\University\finalTermProject\counter60to7seg_tb.v
D:\University\finalTermProject\counter60withCarry.v
D:\University\finalTermProject\Counter100.v
D:\University\finalTermProject\Counter100_tb.v
D:\University\finalTermProject\DigitalClock.v
D:\University\finalTermProject\DigitalClock_tb.v
D:\University\finalTermProject\LtoP.v
D:\University\finalTermProject\ModelSet.v
D:\University\finalTermProject\ModeSet.v
D:\University\finalTermProject\ModeSet_tb.v
D:\University\finalTermProject\MuxB4.v
D:\University\finalTermProject\MuxB4_tb.v
D:\University\finalTermProject\newcount1000.v
D:\University\finalTermProject\newcount1000_tb.v
D:\University\finalTermProject\seg7toMux.v
D:\University\finalTermProject\STOPWATCH.v
D:\University\finalTermProject\STOPWATCH_tb.v
D:\University\finalTermProject\StwControl.v
D:\University\finalTermProject\StwControl_tb.v
D:\University\finalTermProject\StwControlsStadian.v
D:\University\finalTermProject\TIME.v
D:\University\finalTermProject\TIME_tb.v
D:\University\finalTermProject\TimeControl.v
D:\University\finalTermProject\TimeControl_tb.v
D:\University\finalTermProject\to12to24.v
D:\University\finalTermProject\week08_7segment.v
D:\Flowrian R7\Library\PNULib\sources\PNU_AND2.v
D:\Flowrian R7\Library\PNULib\sources\PNU_AND3.v
D:\Flowrian R7\Library\PNULib\sources\PNU_AND4.v
D:\Flowrian R7\Library\PNULib\sources\PNU_AND8.v
D:\Flowrian R7\Library\PNULib\sources\PNU_BUF.v
D:\Flowrian R7\Library\PNULib\sources\PNU_DFF.v
D:\Flowrian R7\Library\PNULib\sources\PNU_DFF_Ce.v
D:\Flowrian R7\Library\PNULib\sources\PNU_JKFF.v
D:\Flowrian R7\Library\PNULib\sources\PNU_MUX2.v
D:\Flowrian R7\Library\PNULib\sources\PNU_MUX4.v
D:\Flowrian R7\Library\PNULib\sources\PNU_MUX8.v
D:\Flowrian R7\Library\PNULib\sources\PNU_NAND2.v
D:\Flowrian R7\Library\PNULib\sources\PNU_NAND3.v
D:\Flowrian R7\Library\PNULib\sources\PNU_NAND4.v
D:\Flowrian R7\Library\PNULib\sources\PNU_NAND8.v
D:\Flowrian R7\Library\PNULib\sources\PNU_NOR2.v
D:\Flowrian R7\Library\PNULib\sources\PNU_NOR3.v
D:\Flowrian R7\Library\PNULib\sources\PNU_NOR4.v
D:\Flowrian R7\Library\PNULib\sources\PNU_NOR8.v
D:\Flowrian R7\Library\PNULib\sources\PNU_NOT.v
D:\Flowrian R7\Library\PNULib\sources\PNU_ONE.v
D:\Flowrian R7\Library\PNULib\sources\PNU_OR2.v
D:\Flowrian R7\Library\PNULib\sources\PNU_OR3.v
D:\Flowrian R7\Library\PNULib\sources\PNU_OR4.v
D:\Flowrian R7\Library\PNULib\sources\PNU_OR8.v
D:\Flowrian R7\Library\PNULib\sources\PNU_SRAM.v
D:\Flowrian R7\Library\PNULib\sources\PNU_TBUF.v
D:\Flowrian R7\Library\PNULib\sources\PNU_XNOR2.v
D:\Flowrian R7\Library\PNULib\sources\PNU_XNOR3.v
D:\Flowrian R7\Library\PNULib\sources\PNU_XNOR4.v
D:\Flowrian R7\Library\PNULib\sources\PNU_XOR2.v
D:\Flowrian R7\Library\PNULib\sources\PNU_XOR3.v
D:\Flowrian R7\Library\PNULib\sources\PNU_XOR4.v
D:\Flowrian R7\Library\PNULib\sources\PNU_ZERO.v
